<testsuites name="results">
  <testsuite name="all" package="all">
    <property name="random_seed" value="1722540183" />
    <testcase name="test_reaction_timer" classname="test" file="/home/student/TinyTapeout/tt08_reaction_counter_03/test/test.py" lineno="4" time="0.0009131431579589844" sim_time_ns="215.001" ratio_time="235451.58075822456" />
    <testcase name="test_tt_um_reaction_timer" classname="test" file="/home/student/TinyTapeout/tt08_reaction_counter_03/test/test.py" lineno="50" time="0.00032329559326171875" sim_time_ns="40.001000000000005" ratio_time="123728.87485545724" />
  </testsuite>
</testsuites>
